WARNING: ignoring environment value of R_HOME
Tracing function "install.packages" in package "utils"
Tracing function "update.packages" in package "utils"
R library paths: /home/rstudio-user/R/x86_64-pc-linux-gnu-library/4.4

Warning messages:
1: package ‘optparse’ was built under R version 4.4.0 
2: package ‘dplyr’ was built under R version 4.4.0 
3: package ‘lubridate’ was built under R version 4.4.0 
4: package ‘tidyr’ was built under R version 4.4.0 
5: package ‘readr’ was built under R version 4.4.0 
6: package ‘ape’ was built under R version 4.4.0 
7: package ‘seqinr’ was built under R version 4.4.0 
8: package ‘stringr’ was built under R version 4.4.0 
Warning message:
One or more parsing issues, call `problems()` on your data frame for details,
e.g.:
  dat <- vroom(...)
  problems(dat) 
[2025-10-27 03:54:34] (WARN) Warnings when reading file
# A tibble: 2 × 5
    row   col expected           actual  file                                   
  <int> <int> <chr>              <chr>   <chr>                                  
1 12598    62 1/0/T/F/TRUE/FALSE E:25    /home/rstudio-user/dengue_pipeline_vi_…
2 13014    62 1/0/T/F/TRUE/FALSE NS3:601 /home/rstudio-user/dengue_pipeline_vi_…
[2025-10-27 03:54:34] (INFO) Adding serotype information completed
